<html>
<body>
<pre>
<h1>µVision Build Log</h1>
<h2>Project:</h2>
C:\Users\eldk2\Desktop\GitHub\RTSECoursework\Task 3\WM\WM.uvproj
Project File Date:  03/23/2015

<h2>Output:</h2>
Build target 'WM'
compiling main.cpp...
compiling buttonpanel.cpp...
compiling buzzer.cpp...
compiling door.cpp...
compiling motor.cpp...
compiling ports.cpp...
compiling processcontroller.cpp...
compiling sevensegdisplay.cpp...
compiling timer.cpp...
compiling washingoperations.cpp...
linking...
Program Size: Code=4952 RO-data=472 RW-data=800 ZI-data=1024  
".\WM\WM.axf" - 0 Error(s), 0 Warning(s).
Load "C:\\Users\\eldk2\\Desktop\\GitHub\\RTSECoursework\\Task 3\\WM\\WM\\WM.axf" 
Erase Done.
Programming Done.
Verify OK.
</pre>
</body>
</html>
